43e00000 T __image_copy_start
43e00000 T _start
43e00020 t _undefined_instruction
43e00024 t _software_interrupt
43e00028 t _prefetch_abort
43e0002c t _data_abort
43e00030 t _not_used
43e00034 t _irq
43e00038 t _fiq
43e0003c t _pad
43e00040 T _TEXT_BASE
43e00040 T _end_vect
43e00044 T _bss_start_ofs
43e00048 T _image_copy_end_ofs
43e0004c T _bss_end_ofs
43e00050 T _end_ofs
43e00054 T IRQ_STACK_START_IN
43e00058 t reset
43e00088 t call_board_init_f
43e00098 T relocate_code
43e000a4 t stack_setup
43e000c4 t copy_loop
43e000f4 t fixloop
43e00118 t fixabs
43e0012c t fixrel
43e00134 t fixnext
43e00148 t _rel_dyn_start_ofs
43e0014c t _rel_dyn_end_ofs
43e00150 t _dynsym_start_ofs
43e00154 t clear_bss
43e0016c t clbss_l
43e00180 t clbss_e
43e00180 t jump_2_ram
43e001b4 t _board_init_r_ofs
43e001b8 W save_boot_params
43e001bc T cpu_init_cp15
43e001f4 T cpu_init_crit
43e00200 t undefined_instruction
43e00260 t software_interrupt
43e002c0 t prefetch_abort
43e00320 t data_abort
43e00380 t not_used
43e003e0 t irq
43e00440 t fiq
43e004a0 t cpu_is_exynos5
43e004c0 t samsung_get_base_clock
43e00504 T exynos4_set_lcd_clk
43e00554 T exynos5_set_lcd_clk
43e005ac T exynos4_set_mipi_clk
43e00600 T get_pll_clk
43e00808 T get_arm_clk
43e0085c T get_i2c_clk
43e008b0 T get_pwm_clk
43e00964 T get_uart_clk
43e00a3c T get_mmc_clk
43e00b7c T get_sata_clk
43e00bd4 T set_sata_clk
43e00c18 T set_mmc_clk
43e00ca0 T get_lcd_clk
43e00d64 T set_lcd_clk
43e00d84 T set_mipi_clk
43e00da0 T do_showclocks
43e00e18 t samsung_get_base_power
43e00e54 T set_mipi_phy_ctrl
43e00ea0 T exynos5_set_usbhost_phy_ctrl
43e00ec4 T set_usbhost_phy_ctrl
43e00ee0 T set_dp_phy_ctrl
43e00f1c T reset_cpu
43e00f60 t samsung_get_base_sysreg
43e00f9c T set_usbhost_mode
43e00fd8 T set_system_display_ctrl
43e0101c t samsung_get_base_gpio_part1
43e0104c T exynos_pinmux_config
43e0159c T invalidate_dcache_all
43e015a0 T flush_dcache_all
43e015a4 T invalidate_dcache_range
43e015a8 T flush_dcache_range
43e015ac T arm_init_before_mmu
43e015b0 T flush_cache
43e015b4 T invalidate_icache_all
43e015cc T __v7_outer_cache_enable
43e015cc W v7_outer_cache_enable
43e015d0 T __v7_outer_cache_disable
43e015d0 W v7_outer_cache_disable
43e015d4 T __v7_outer_cache_flush_all
43e015d4 W v7_outer_cache_flush_all
43e015d8 T __v7_outer_cache_inval_all
43e015d8 W v7_outer_cache_inval_all
43e015dc T __v7_outer_cache_flush_range
43e015dc W v7_outer_cache_flush_range
43e015e0 T __v7_outer_cache_inval_range
43e015e0 W v7_outer_cache_inval_range
43e015e4 W cpu_cache_initialization
43e015e8 T cleanup_before_linux
43e01610 T sdelay
43e0161c T sr32
43e01640 T wait_on_value
43e01674 T arch_cpu_init
43e016ec T get_device_type
43e016fc T print_cpuinfo
43e01748 t samsung_get_base_timer
43e01784 T reset_timer_masked
43e017a0 T timer_init
43e017d8 T get_current_tick
43e0181c T get_timer_masked
43e01838 T get_timer
43e0184c T __udelay
43e018c8 T get_ticks
43e018d8 T get_tbclk
43e018e0 T s5p_config_sromc
43e0193c T wdt_stop
43e01984 T wdt_start
43e019e8 t samsung_get_base_timer
43e01a24 T pwm_enable
43e01a58 T pwm_disable
43e01a88 T pwm_config
43e01bc0 T pwm_init
43e01c8c T __arch_cpu_init
43e01c94 t init_func_i2c
43e01cc8 t display_banner
43e01ce8 t init_baudrate
43e01d14 T __coloured_LED_init
43e01d14 W coloured_LED_init
43e01d18 T __red_led_on
43e01d18 W red_led_on
43e01d1c T __red_led_off
43e01d1c W red_led_off
43e01d20 T __green_led_on
43e01d20 W green_led_on
43e01d24 T __green_led_off
43e01d24 W green_led_off
43e01d28 T __yellow_led_on
43e01d28 W yellow_led_on
43e01d2c T __yellow_led_off
43e01d2c W yellow_led_off
43e01d30 T __blue_led_on
43e01d30 W blue_led_on
43e01d34 T __blue_led_off
43e01d34 W blue_led_off
43e01d38 T __dram_init_banksize
43e01d54 T board_init_r
43e01e04 T hang
43e01e18 T board_init_f
43e01f64 t boot_jump_linux
43e01fec t boot_prep_linux
43e02248 T arch_lmb_reserve
43e0226c T do_bootm_linux
43e022c4 T bootz_setup
43e02308 T interrupt_init
43e02324 T enable_interrupts
43e02328 T disable_interrupts
43e02330 T bad_mode
43e02340 T show_regs
43e0247c T do_undefined_instruction
43e0249c T do_software_interrupt
43e024bc T do_prefetch_abort
43e024dc T do_data_abort
43e024fc T do_not_used
43e0251c T do_fiq
43e0253c T do_irq
43e0255c T do_reset
43e02588 T __flush_cache
43e0258c T __flush_dcache_all
43e02598 T __enable_caches
43e02598 W enable_caches
43e025a4 t cp_delay
43e025d4 T __arm_init_before_mmu
43e025d8 T icache_enable
43e025f0 T icache_disable
43e02608 T icache_status
43e02614 T dcache_enable
43e02618 T dcache_disable
43e0261c T dcache_status
43e02624 t print_num
43e0263c T do_bdinfo
43e0277c W do_go_exec
43e02794 T do_go
43e02804 t __fswab32
43e0280c t boot_start_lmb
43e0284c t image_get_magic
43e02854 t image_info
43e02918 t image_get_size
43e02920 T do_bootd
43e02944 T do_iminfo
43e029a4 t do_bootm_qnxelf
43e029f8 t do_bootm_vxworks
43e02a4c t do_bootm_rtems
43e02a84 t do_bootm_netbsd
43e02bb4 t bootm_load_os.isra.12
43e02d2c t bootm_start
43e030f0 T __arch_preboot_os
43e030f4 T do_bootm_subcommand
43e03370 T do_bootm
43e0360c T bootm_maybe_autostart
43e03680 t __bootz_setup
43e03698 t do_bootz
43e037dc T do_coninfo
43e03894 T common_diskboot
43e03ad4 T do_echo
43e03b5c t load_elf_image_shdr
43e03be8 W do_bootelf_exec
43e03c2c T valid_elf_image
43e03c78 T do_bootvx
43e03f18 T do_bootelf
43e04078 T do_exit
43e040ac T do_ext2load
43e040c4 T do_ext2ls
43e040dc T do_ext_load
43e0430c T do_ext_ls
43e043d8 T do_fat_fsinfo
43e04468 T do_fat_fsload
43e045d0 T do_fat_ls
43e04684 t __fswab32
43e0468c t fdt_valid
43e0476c t print_data
43e04928 T set_working_fdt_addr
43e04964 T do_fdt
43e055c4 T do_flinfo
43e055cc T do_flerase
43e055d4 T do_protect
43e055e4 T do_help
43e05628 t get_alen
43e05664 t do_i2c
43e056c0 t do_i2c_reset
43e056dc t do_i2c_read
43e05788 t do_i2c_probe
43e057d8 t do_i2c_md
43e0598c t do_i2c_mw
43e05a7c t do_i2c_crc
43e05b90 t do_i2c_loop
43e05c6c t do_i2c_bus_num
43e05ce0 t mod_i2c_mem.isra.0
43e05eac t do_i2c_nm
43e05eb4 t do_i2c_mm
43e05ebc T __def_i2c_init_board
43e05ebc W i2c_init_board
43e05ec0 T __def_i2c_get_bus_speed
43e05ec0 W i2c_get_bus_speed
43e05ecc T __def_i2c_set_bus_speed
43e05ecc W i2c_set_bus_speed
43e05ee4 t do_i2c_bus_speed
43e05f58 t evalexp
43e05fd0 T binary_test
43e0619c T do_itest
43e06234 t bin_data_init
43e06250 t load_serial_ymodem
43e0634c t getcxmodem
43e0636c t bin_data_char
43e0638c t load_serial
43e06598 T do_load_serial
43e06678 T send_pad
43e066a8 T ktrans
43e066cc T chk1
43e066f8 T s1_sendpacket
43e06720 T send_ack
43e0677c T send_nack
43e067d8 T k_data_init
43e067f8 T k_data_save
43e0681c T k_data_restore
43e06840 T k_data_char
43e06890 T handle_send_packet
43e06a70 T do_load_serial_bin
43e06ee0 T do_mem_crc
43e06f8c T do_mem_base
43e06fcc T do_mem_mtest
43e07170 T do_mem_loop
43e07264 T do_mem_cp
43e07338 T do_mem_cmp
43e0748c T do_mem_mw
43e07548 T do_mem_md
43e0761c t mod_mem.isra.0
43e07780 T do_mem_nm
43e07788 T do_mem_mm
43e07790 T do_sleep
43e07800 T do_mmcops
43e07cb8 T do_mmcinfo
43e07e34 T do_ping
43e07ea8 t netboot_common
43e08150 T do_nfs
43e0815c T do_dhcp
43e08168 T do_tftpb
43e08174 T do_bootp
43e08180 t do_env
43e081dc t do_env_delete
43e081f4 t do_env_import
43e0845c t do_env_default
43e08510 T do_env_save
43e0853c t env_print
43e085dc T do_env_print
43e0865c T get_env_id
43e0866c T env_check_apply
43e0886c T _do_env_set
43e08a24 T do_env_set
43e08a44 T setenv
43e08a94 t do_env_export
43e08cec T setenv_ulong
43e08d0c T setenv_addr
43e08d40 T envmatch
43e08da8 T getenv_f
43e08e74 T getenv
43e08ee0 T getenv_ulong
43e08f10 T do_env_edit
43e08f7c t eol_or_eof
43e08fa0 t from_env
43e08fcc t label_print
43e09054 t get_string
43e09130 t label_destroy
43e09194 t destroy_pxe_menu
43e091f0 t get_token
43e09318 t parse_sliteral
43e0936c t parse_integer
43e09400 t do_get_fat
43e09440 t do_get_ext2
43e09480 T do_pxe
43e094dc t do_get_tftp
43e09524 t get_relfile
43e09644 t get_pxe_file
43e096a4 t get_pxelinux_path
43e0971c t handle_include
43e097a4 t parse_pxefile_top
43e09be0 t parse_pxefile
43e09c3c t get_relfile_envaddr
43e09c88 t label_boot
43e09e2c t handle_pxe_menu
43e09f30 T do_sysboot
43e0a0d0 t do_pxe_boot
43e0a184 t do_pxe_get
43e0a344 T __sata_initialize
43e0a344 W sata_initialize
43e0a3ec T do_sata
43e0a7cc T sata_get_dev
43e0a7e8 T source
43e0a8c8 T do_source
43e0a914 T do_false
43e0a91c T do_true
43e0a924 T do_test
43e0ad9c T do_usbboot
43e0ada8 T usb_get_class_desc
43e0ae6c T usb_display_class_sub
43e0aff4 T usb_display_string
43e0b038 T usb_display_desc
43e0b164 T usb_display_conf_desc
43e0b224 T usb_display_if_desc
43e0b2ac T usb_display_ep_desc
43e0b370 T usb_display_config
43e0b3f4 T usb_show_tree_graph
43e0b620 T usb_show_tree
43e0b650 T do_usb
43e0bb94 T do_version
43e0bbcc T do_imgextract
43e0be6c T find_cmd_tbl
43e0bf10 T find_cmd
43e0bf38 T cmd_usage
43e0bf94 T _do_help
43e0c118 T cmd_get_data_size
43e0c168 T cmd_process
43e0c21c t console_setfile
43e0c2bc T serial_printf
43e0c2fc T fgetc
43e0c328 T ftstc
43e0c354 T fputc
43e0c37c T fputs
43e0c3a4 T fprintf
43e0c3ec T getc
43e0c428 T tstc
43e0c464 T putc
43e0c4a0 T puts
43e0c4dc T printf
43e0c528 T vprintf
43e0c568 T ctrlc
43e0c5b8 T disable_ctrlc
43e0c5d0 T had_ctrlc
43e0c5e0 T clear_ctrlc
43e0c5f4 T dbg
43e0c600 T search_device
43e0c630 T console_assign
43e0c678 T console_init_f
43e0c688 T stdio_print_current_devices
43e0c740 T console_init_r
43e0c814 T sbrk
43e0c878 T mem_malloc_init
43e0c898 T malloc_trim
43e0c95c T free
43e0cb7c T cfree
43e0cb80 T malloc
43e0d158 T calloc
43e0d230 T memalign
43e0d33c T pvalloc
43e0d354 T valloc
43e0d360 T realloc
43e0d76c T malloc_usable_size
43e0d7a8 T mallopt
43e0d814 W env_get_char_spec
43e0d814 t __env_get_char_spec
43e0d820 T env_get_addr
43e0d840 T env_get_char_memory
43e0d850 T env_get_char
43e0d880 T set_default_env
43e0d93c T set_default_vars
43e0d970 T env_import
43e0da4c T env_relocate
43e0da7c t init_mmc_for_env
43e0dab0 W mmc_get_env_addr
43e0dab0 t __mmc_get_env_addr
43e0dac4 T env_init
43e0dae0 T saveenv
43e0dc50 T env_relocate_spec
43e0dd1c t dummy
43e0dd20 T get_version
43e0dd28 T jumptable_init
43e0dec8 t __fswab32
43e0ded0 t of_read_number
43e0df14 t of_bus_default_map
43e0dfac t fdt_setprop_cell
43e0dfec t get_cells_len
43e0e028 t of_bus_default_translate
43e0e080 t __swab32p.isra.1
43e0e084 t of_bus_default_count_cells
43e0e110 T fdt_getprop_u32_default
43e0e158 T fdt_find_and_setprop
43e0e1c8 T fdt_initrd
43e0e38c T fdt_chosen
43e0e494 T do_fixup_by_path
43e0e4e8 T do_fixup_by_path_u32
43e0e52c T do_fixup_by_prop
43e0e5c0 T do_fixup_by_prop_u32
43e0e61c T do_fixup_by_compat
43e0e6a0 T do_fixup_by_compat_u32
43e0e6e4 T fdt_fixup_memory_banks
43e0e93c T fdt_fixup_memory
43e0e95c T fdt_fixup_ethernet
43e0ea98 T fdt_resize
43e0eb74 T fdt_increase_size
43e0eb9c T fdt_del_node_and_alias
43e0ebe0 T __of_translate_address
43e0ee34 T fdt_translate_address
43e0ee40 T fdt_node_offset_by_compat_reg
43e0eec4 T fdt_alloc_phandle
43e0ef1c T fdt_set_phandle
43e0ef60 T fdt_create_phandle
43e0efc4 T fdt_set_node_status
43e0f0d0 T fdt_set_status_by_alias
43e0f0fc T fdt_verify_alias_address
43e0f1c8 T fdt_get_base_address
43e0f250 t b_reset
43e0f26c t static_get
43e0f288 t static_peek
43e0f294 t file_peek
43e0f2a0 t syntax_err
43e0f2ac T do_showvar
43e0f3a0 t xmalloc
43e0f3c0 t free_pipe_list
43e0f4b4 t xrealloc
43e0f4d4 t done_command
43e0f55c t is_assignment
43e0f5b0 t file_get
43e0f774 t b_addchr
43e0f7f0 t b_addqchr
43e0f840 T get_local_var
43e0f8c8 T set_local_var
43e0fa88 t insert_var_value_sub
43e0fd38 T unset_local_var
43e0fddc T new_pipe
43e0fe04 t done_pipe
43e0fe4c T reserved_word
43e0ffa4 t done_word
43e10120 T mapset
43e10148 T update_ifs_map
43e101d4 T parse_string_outer
43e102c4 t run_list_real
43e10a60 t parse_stream_outer
43e110b4 T parse_file_outer
43e110f8 T u_boot_hush_start
43e1114c t __fswab32
43e11154 t fdt_error
43e11180 t image_get_size
43e11188 t image_get_load
43e11190 t image_get_magic
43e11198 T image_check_hcrc
43e111e8 T image_check_dcrc
43e11224 T image_multi_count
43e11244 T image_multi_getimg
43e112cc T getenv_yesno
43e112f4 T getenv_bootm_low
43e11324 T getenv_bootm_size
43e11384 T getenv_bootm_mapsize
43e113b4 T memmove_wd
43e113c0 T genimg_print_size
43e113f0 T get_table_entry_name
43e1141c T genimg_get_os_name
43e11434 T genimg_get_arch_name
43e1144c T genimg_get_type_name
43e11464 T genimg_get_comp_name
43e1147c T image_print_contents
43e115f4 T get_table_entry_id
43e11644 T genimg_get_os_id
43e1165c T genimg_get_arch_id
43e11674 T genimg_get_type_id
43e1168c T genimg_get_comp_id
43e116a4 T genimg_get_format
43e116e0 T genimg_get_image
43e116e4 T genimg_has_config
43e116ec T boot_get_ramdisk
43e1194c T boot_ramdisk_high
43e11a8c T boot_fdt_add_mem_rsv_regions
43e11b14 T boot_relocate_fdt
43e11cac T boot_get_fdt
43e11efc t delete_char.part.0
43e11fd0 t cread_add_char
43e120bc T __show_boot_progress
43e120bc W show_boot_progress
43e120c0 T abortboot
43e1217c T readline_into_buffer
43e12a50 T readline
43e12a6c T parse_line
43e12af4 T run_command
43e12afc T run_command_list
43e12b58 T main_loop
43e12bf8 T do_run
43e12c6c T get_ram_size
43e12d6c t menu_items_iter
43e12dbc t menu_item_destroy
43e12de4 t menu_item_key_match
43e12e20 t menu_item_print
43e12e54 T __menu_display_statusline
43e12e54 W menu_display_statusline
43e12e58 T menu_default_set
43e12e98 T menu_get_choice
43e12f94 T menu_item_add
43e1302c T menu_create
43e130ac T menu_destroy
43e130f0 t hex1_bin
43e13130 t hex2_bin
43e13168 T srec_decode
43e133c4 t get_current
43e13400 T serial_register
43e13418 T serial_stdio_init
43e134a4 T serial_assign
43e134f0 T serial_initialize
43e13530 T serial_reinit_all
43e1355c T serial_init
43e13570 T serial_setbrg
43e13584 T serial_getc
43e13598 T serial_tstc
43e135ac T serial_putc
43e135c8 T serial_puts
43e135e4 T stdio_get_list
43e135f0 T stdio_get_by_name
43e13640 T stdio_clone
43e1368c T stdio_register
43e136d0 T stdio_init
43e1376c t usb_set_maxpacket_ep
43e137d8 T usb_stop
43e1380c T usb_disable_asynch
43e1382c T usb_submit_int_msg
43e13830 T usb_control_msg
43e138f0 t usb_get_descriptor
43e1394c t usb_get_string
43e139c0 t usb_string_sub
43e13acc T usb_bulk_msg
43e13b40 T usb_maxpacket
43e13b5c T usb_clear_halt
43e13c04 T usb_get_configuration_no
43e13ca0 T usb_set_interface
43e13d60 T usb_set_protocol
43e13db0 T usb_set_idle
43e13e0c T usb_get_report
43e13e6c T usb_get_class_descriptor
43e13ecc T usb_string
43e13fd4 T usb_get_dev_index
43e14000 T usb_alloc_new_device
43e14084 T usb_new_device
43e1452c T usb_init
43e14618 t usb_get_hub_descriptor
43e14670 t usb_get_port_status
43e146c4 t usb_set_port_feature
43e14714 t usb_clear_port_feature
43e14764 t usb_hub_power_on
43e147b0 T usb_hub_reset
43e147c4 T hub_port_reset
43e14878 T usb_hub_port_connect_change
43e14984 t usb_hub_configure
43e14c24 T usb_hub_probe
43e14c7c t usb_stor_irq
43e14c98 t usb_stor_BBB_reset
43e14d84 t usb_stor_CB_reset
43e14e6c t usb_request_sense.constprop.6
43e14edc T usb_stor_read
43e15094 T usb_stor_write
43e1524c T usb_stor_get_dev
43e15270 T usb_show_progress
43e15274 T usb_stor_info
43e152e4 T usb_stor_BBB_comdat
43e153c8 T usb_stor_CB_comdat
43e155e0 T usb_stor_CBI_get_status
43e156a8 T usb_stor_CB_transport
43e158cc T usb_stor_BBB_clear_endpt_stall
43e15918 T usb_stor_BBB_transport
43e15af4 T usb_storage_probe
43e15d04 T usb_stor_get_info
43e15fa0 T usb_stor_scan
43e161a0 T CYGACC_COMM_IF_GETC_TIMEOUT
43e161ec t xyzModem_flush
43e16214 t xyzModem_get_hdr
43e1648c T CYGACC_COMM_IF_PUTC
43e16494 T parse_num
43e165b4 T xyzModem_stream_open
43e16700 T xyzModem_stream_read
43e16954 T xyzModem_stream_close
43e169a4 T xyzModem_stream_terminate
43e16a38 T xyzModem_error
43e16a58 T get_dev
43e16abc T dev_print
43e16d0c T init_part
43e16d2c T print_part
43e16e14 T get_partition_info
43e16e40 T get_device
43e16ec0 T get_device_and_partition
43e171a0 t le32_to_int
43e171c4 t is_extended
43e171e8 t print_partition_extended
43e17420 t get_partition_info_extended.constprop.1
43e1768c T test_part_dos
43e176fc T print_part_dos
43e17728 T get_partition_info_dos
43e17744 t sata_i2c_clear_int_status
43e1775c t generic_ffs.part.0
43e177a4 t ahci_exec_ata_cmd
43e17958 t dwc_ahsata_rw_cmd
43e17a0c t dwc_ahsata_rw_cmd_ext
43e17ad8 t sata_i2c_wait_for_tx_ack.constprop.5
43e17b24 t sata_i2c_wait_for_busready.constprop.6
43e17b68 T init_sata
43e18290 T dwc_ahsata_flush_cache
43e182fc T dwc_ahsata_rw_ncq_cmd
43e183e0 T dwc_ahsata_flush_cache_ext
43e1844c T ata_low_level_rw_lba48
43e184cc T ata_low_level_rw_lba28
43e18540 T sata_read
43e1857c T sata_write
43e185f4 T scan_sata
43e1897c T ata_id_n_sectors
43e18a1c T ata_dev_classify
43e18a68 T ata_id_c_string
43e18ae4 T ata_dump_id
43e18c0c T ata_swap_buf_le16
43e18c10 T s5p_gpio_cfg_pin
43e18c2c T s5p_gpio_direction_output
43e18c64 T s5p_gpio_direction_input
43e18c6c T s5p_gpio_set_value
43e18c8c T s5p_gpio_get_value
43e18ca4 T s5p_gpio_set_pull
43e18cd0 T s5p_gpio_set_drv
43e18cf4 T s5p_gpio_set_rate
43e18d1c T s5p_gpio_get_bank
43e18db4 T s5p_gpio_get_pin
43e18dbc T gpio_request
43e18dc4 T gpio_free
43e18dcc T gpio_direction_input
43e18de8 T gpio_direction_output
43e18e0c T gpio_get_value
43e18e34 T gpio_set_value
43e18e58 t get_base_i2c
43e18ea4 t WaitForXfer
43e18ee4 t i2c_ch_init
43e18f7c t i2c_transfer
43e1922c T i2c_set_bus_num
43e19268 T i2c_get_bus_num
43e19278 T i2c_init
43e192d4 T i2c_probe
43e1931c T i2c_read
43e193a0 T i2c_write
43e19424 T input_queue_ascii
43e1946c T input_tstc
43e194b4 T input_getc
43e19510 T input_send_keycodes
43e197f0 T input_add_table
43e19830 T input_init
43e198dc T input_stdio_register
43e19930 t __fswab32
43e19938 T __board_mmc_getcd
43e19938 W board_mmc_getcd
43e19940 T mmc_send_cmd
43e1997c T mmc_send_status
43e19a48 T mmc_set_blocklen
43e19a78 T find_mmc_device
43e19ac4 t mmc_berase
43e19c5c t mmc_bwrite
43e19dc0 T mmc_read_blocks
43e19e84 t mmc_bread
43e19f20 T mmc_go_idle
43e19f6c T sd_send_op_cond
43e1a0b0 T mmc_send_op_cond
43e1a1f0 T mmc_send_ext_csd
43e1a23c T mmc_switch
43e1a290 T mmc_change_freq
43e1a348 T mmc_switch_part
43e1a384 T mmc_part_bootenable
43e1a3d0 T mmc_getcd
43e1a3fc T sd_switch
43e1a460 T sd_change_freq
43e1a654 T mmc_set_ios
43e1a664 T mmc_set_clock
43e1a684 T mmc_set_bus_width
43e1a68c T mmc_startup
43e1ad0c T mmc_send_if_cond
43e1ad80 T mmc_register
43e1ae04 T mmc_init
43e1aee0 T mmc_get_dev
43e1af0c W cpu_mmc_init
43e1af0c t __def_mmc_init
43e1af14 T print_mmc_devices
43e1af78 T get_mmc_num
43e1af88 T mmc_initialize
43e1afd4 t dwmci_set_ios
43e1b114 t dwmci_prepare_data
43e1b230 t dwmci_send_cmd
43e1b408 t dwmci_init
43e1b4b8 T add_dwmci
43e1b580 t exynos_dwmci_clksel
43e1b590 T exynos_dwmci_init
43e1b620 t samsung_get_base_uart
43e1b650 T serial_setbrg_dev
43e1b688 T s5p_serial3_setbrg
43e1b690 T s5p_serial2_setbrg
43e1b698 T s5p_serial1_setbrg
43e1b6a0 T s5p_serial0_setbrg
43e1b6a8 T serial_init_dev
43e1b6e8 T s5p_serial3_init
43e1b6f0 T s5p_serial2_init
43e1b6f8 T s5p_serial1_init
43e1b700 T s5p_serial0_init
43e1b708 T serial_getc_dev
43e1b750 T s5p_serial3_getc
43e1b758 T s5p_serial2_getc
43e1b760 T s5p_serial1_getc
43e1b768 T s5p_serial0_getc
43e1b770 T serial_putc_dev
43e1b7c0 T s5p_serial3_putc
43e1b7c8 T s5p_serial2_putc
43e1b7d0 T s5p_serial1_putc
43e1b7d8 T s5p_serial0_putc
43e1b7e0 T serial_tstc_dev
43e1b7fc T s5p_serial3_tstc
43e1b804 T s5p_serial2_tstc
43e1b80c T s5p_serial1_tstc
43e1b814 T s5p_serial0_tstc
43e1b81c T serial_puts_dev
43e1b844 T s5p_serial3_puts
43e1b84c T s5p_serial2_puts
43e1b854 T s5p_serial1_puts
43e1b85c T s5p_serial0_puts
43e1b864 W default_serial_console
43e1b870 T is_eth_dev_on_usb_host
43e1b8c8 T usb_host_eth_scan
43e1ba8c t asix_halt
43e1ba90 t asix_read_cmd
43e1baf8 t asix_read_rx_ctl
43e1bb34 t asix_write_cmd
43e1bb98 t asix_sw_reset
43e1bbd0 t asix_set_sw_mii
43e1bbf0 t asix_set_hw_mii
43e1bc10 t asix_mdio_write
43e1bc60 t asix_write_hwaddr
43e1bcac t asix_send
43e1bd54 t asix_recv
43e1be64 t asix_init
43e1c088 T asix_eth_before_probe
43e1c09c T asix_eth_probe
43e1c22c T asix_eth_get_info
43e1c4a8 t ehci_td_buffer
43e1c530 t handshake
43e1c580 t ehci_submit_async
43e1caec T __ehci_powerup_fixup
43e1caec W ehci_powerup_fixup
43e1caf4 T ehci_submit_root
43e1cfd0 T usb_lowlevel_stop
43e1cfd4 T usb_lowlevel_init
43e1d130 T submit_bulk_msg
43e1d158 T submit_control_msg
43e1d1b8 T submit_int_msg
43e1d214 T ehci_hcd_init
43e1d3c8 T ehci_hcd_stop
43e1d424 T get_fs
43e1d430 T ext4fs_free_node
43e1d454 T ext4fs_read_file
43e1d6ac T ext4fs_ls
43e1d724 T ext4fs_read
43e1d764 t zalloc
43e1d790 T ext4fs_read_inode
43e1d894 T read_allocated_block
43e1e064 T ext4fs_close
43e1e140 T ext4fs_iterate_dir
43e1e3b4 t ext4fs_find_file1
43e1e628 T ext4fs_find_file
43e1e69c T ext4fs_open
43e1e730 T ext4fs_mount
43e1e7f8 T ext4fs_set_blk_dev
43e1e834 T ext4fs_devread
43e1ea24 t downcase
43e1ea48 t disk_read
43e1ea98 t dirdelim
43e1eacc t get_fatent
43e1ec24 t get_name
43e1ecd0 t read_bootsectandvi
43e1edf8 t get_cluster
43e1ef74 t slot2str
43e1f03c t get_vfatname
43e1f204 T fat_register_device
43e1f36c T do_fat_read_at
43e1ff04 T do_fat_read
43e1ff28 T file_fat_detectfs
43e20080 T file_fat_ls
43e20090 T file_fat_read_at
43e200d4 T file_fat_read
43e200e8 T file_getfsname
43e20100 T file_cd
43e202ec T file_detectfs
43e20328 T file_ls
43e203b0 T file_read
43e20448 t __fswab32
43e20450 T fdt_check_header
43e204d0 T fdt_offset_ptr
43e2052c T fdt_next_tag
43e20628 T _fdt_check_node_offset
43e20660 T _fdt_check_prop_offset
43e20698 T fdt_next_node
43e20758 T _fdt_find_string
43e207b0 T fdt_move
43e207fc t __fswab32
43e20804 t _fdt_offset_ptr
43e20824 t _fdt_mem_rsv
43e20844 t __fswab64
43e20870 t _nextprop
43e208c0 T fdt_string
43e208e0 T fdt_get_mem_rsv
43e20938 T fdt_num_mem_rsv
43e20970 T fdt_subnode_offset_namelen
43e20a40 T fdt_subnode_offset
43e20a70 T fdt_get_name
43e20ad8 T fdt_first_property_offset
43e20af8 T fdt_next_property_offset
43e20b18 T fdt_get_property_by_offset
43e20b78 T fdt_get_property_namelen
43e20c28 T fdt_get_property
43e20c60 T fdt_getprop_namelen
43e20c7c T fdt_getprop_by_offset
43e20cc8 T fdt_getprop
43e20d00 T fdt_get_phandle
43e20d78 T fdt_get_alias_namelen
43e20dc0 T fdt_path_offset
43e20eb0 T fdt_get_alias
43e20ed8 T fdt_get_path
43e21010 T fdt_supernode_atdepth_offset
43e210c8 T fdt_node_depth
43e210ec T fdt_parent_offset
43e2111c T fdt_node_offset_by_prop_value
43e211b8 T fdt_node_offset_by_phandle
43e21230 T fdt_node_check_compatible
43e212bc T fdt_node_offset_by_compatible
43e21338 t __fswab32
43e21340 t _fdt_blocks_misordered
43e213c4 t fdt_set_off_dt_struct
43e213dc t fdt_set_size_dt_struct
43e213f4 t fdt_set_off_dt_strings
43e2140c t fdt_set_size_dt_strings
43e21424 t _fdt_data_size
43e21448 t fdt_set_totalsize
43e21460 t _fdt_offset_ptr
43e21480 t _fdt_mem_rsv
43e214a0 t __fswab64
43e214cc t _fdt_splice
43e21544 t _fdt_splice_struct
43e21594 t _fdt_splice_mem_rsv
43e215f0 t _fdt_packblocks
43e216ac t _fdt_rw_check_header
43e21718 T fdt_add_mem_rsv
43e21794 T fdt_del_mem_rsv
43e217ec T fdt_set_name
43e21878 T fdt_setprop
43e21a40 T fdt_delprop
43e21aa4 T fdt_add_subnode_namelen
43e21b9c T fdt_add_subnode
43e21bcc T fdt_del_node
43e21c28 T fdt_open_into
43e21dd8 T fdt_pack
43e21e34 T fdt_strerror
43e21e8c t __fswab32
43e21e94 t _fdt_sw_check_header
43e21eb8 t fdt_set_off_dt_strings
43e21ed0 t _fdt_offset_ptr
43e21ef0 t _fdt_grab_space
43e21f5c t fdt_set_totalsize
43e21f74 t __fswab64
43e21fa0 t fdt_set_off_dt_struct
43e21fb8 T fdt_create
43e22030 T fdt_add_reservemap_entry
43e220c0 T fdt_finish_reservemap
43e220d8 T fdt_begin_node
43e22140 T fdt_end_node
43e22178 T fdt_property
43e222ac T fdt_finish
43e223cc T fdt_setprop_inplace
43e22410 T fdt_nop_property
43e2244c T _fdt_node_end_offset
43e2248c T fdt_nop_node
43e224dc T cyg_crc16
43e22520 T crc32_no_comp
43e225f8 T crc32
43e2260c T crc32_wd
43e22610 T crc7
43e22638 T display_options
43e22658 T print_size
43e22790 T print_buffer
43e22904 T __div64_32
43e229e0 T gzfree
43e229e8 T gzalloc
43e229f8 T zunzip
43e22b04 T gunzip
43e22bc0 t cmpkey
43e22bd4 t drop_var_from_set.part.0
43e22c24 T hcreate_r
43e22cd8 T hdestroy_r
43e22d78 T hstrstr_r
43e22e24 T hmatch_r
43e22ec4 T hsearch_r
43e231a0 T hdelete_r
43e23254 T hexport_r
43e234ec T himport_r
43e23888 T ldiv
43e238d8 t lmb_add_region
43e23aa8 T lmb_dump_all
43e23aac T lmb_init
43e23ad4 T lmb_add
43e23ad8 T lmb_free
43e23be4 T lmb_reserve
43e23bec T lmb_overlaps_region
43e23c4c T __lmb_alloc_base
43e23d5c T lmb_alloc_base
43e23d90 T lmb_alloc
43e23d98 T lmb_is_reserved
43e23de8 T __board_lmb_reserve
43e23de8 W board_lmb_reserve
43e23dec T __arch_lmb_reserve
43e23df0 T string_to_ip
43e23e50 T qsort
43e23f30 T strcmp_compar
43e23f3c T strcpy
43e23f58 T strncpy
43e23f7c T strcat
43e23fac T strncat
43e24000 T strcmp
43e2402c T strncmp
43e2406c T strchr
43e240a0 T skip_spaces
43e240d0 T strlen
43e240f0 T strim
43e24158 T strrchr
43e24194 T strnlen
43e241c4 T strdup
43e241fc T strspn
43e24244 T strpbrk
43e24280 T strtok
43e242fc T strsep
43e24330 T strswab
43e2437c T memset
43e243e8 T bcopy
43e2440c T memcpy
43e24474 T memmove
43e244d4 T memcmp
43e24508 T memscan
43e24534 T strstr
43e24598 T memchr
43e245c8 T strmhz
43e24634 T udelay
43e24664 T mdelay
43e24688 t put_dec_trunc
43e24764 t put_dec
43e24894 t string.isra.0
43e24934 t number.isra.4
43e24b98 t vsnprintf_internal.isra.6
43e251e4 T simple_strtoul
43e252b4 T strict_strtoul
43e2532c T simple_strtol
43e25354 T ustrtoul
43e253c4 T simple_strtoull
43e254c0 T vsprintf
43e254c4 T sprintf
43e254e8 T panic
43e2552c T __assert_fail
43e25540 T simple_itoa
43e25598 T zcfree
43e255a0 T zcalloc
43e255a8 T inflate_fast
43e25b78 T inflate_table
43e2612c T inflateReset
43e261a8 T inflateInit2_
43e262ac T inflateInit_
43e262c0 T inflateEnd
43e26324 T adler32
43e26660 T inflate
43e27ca0 T ArpInit
43e27ccc T arp_raw_request
43e27d8c T ArpRequest
43e27e04 T ArpTimeoutCheck
43e27e74 T ArpReceive
43e2807c t NetCopyIP
43e28084 t DhcpOptionsProcess
43e282b4 t DhcpHandler
43e286f0 T BootpRequest
43e28924 t BootpTimeout
43e28968 T DhcpRequest
43e2896c t is_valid_ether_addr
43e289b4 W cpu_eth_init
43e289b4 t __def_eth_init
43e289bc t eth_current_changed
43e28a1c T eth_parse_enetaddr
43e28a6c T eth_getenv_enetaddr
43e28a8c T eth_setenv_enetaddr
43e28ac0 T eth_getenv_enetaddr_by_index
43e28b10 T eth_get_dev_by_name
43e28b98 T eth_get_dev_by_index
43e28bd8 T eth_get_dev_index
43e28bf4 T eth_write_hwaddr
43e28d70 T eth_register
43e28ddc T eth_unregister
43e28e78 T eth_initialize
43e29038 T eth_halt
43e29068 T eth_send
43e290a0 T eth_rx
43e290cc T eth_try_another
43e2914c T eth_init
43e29214 T eth_set_current
43e292a8 T eth_get_name
43e292c8 t startAgainTimeout
43e292dc t dummy_handler
43e292e0 t getenv_IPaddr
43e292f0 t net_clear_handlers
43e29314 T net_auto_load
43e29374 T NetStartAgain
43e29494 T net_get_udp_handler
43e294a4 T net_set_udp_handler
43e294c4 T net_get_arp_handler
43e294d4 T net_set_arp_handler
43e294f4 T NetSetTimeout
43e29530 T NetCksum
43e29564 T NetCksumOk
43e29584 T NetReceive
43e29818 T NetEthHdrSize
43e29854 T NetSetEther
43e298f8 T net_update_ether
43e2997c T net_set_ip_header
43e29a04 T net_set_udp_header
43e29aac T NetSendUDPPacket
43e29bb8 T copy_filename
43e29c04 T random_port
43e29c20 T ip_to_string
43e29c54 T VLAN_to_string
43e29ca0 T string_to_VLAN
43e29cec T getenv_VLAN
43e29cfc t NetInitLoop
43e29dac T net_init
43e29e18 T NetLoop
43e2a14c t __fswab32
43e2a154 t basename
43e2a194 t rpc_add_credentials
43e2a250 t rpc_lookup_reply
43e2a2f4 t nfs_mount_reply
43e2a388 t nfs_umountall_reply
43e2a40c t nfs_lookup_reply
43e2a498 t rpc_req
43e2a58c t nfs_mount_req
43e2a620 t nfs_umountall_req
43e2a678 t nfs_lookup_req
43e2a720 t nfs_read_req
43e2a7a0 t nfs_readlink_req
43e2a7f8 t nfs_readlink_reply
43e2a8e8 t nfs_read_reply.isra.1
43e2aa28 t NfsSend
43e2ab24 t NfsHandler
43e2ad14 t NfsTimeout
43e2ad6c T NfsStart
43e2afa0 t ping_timeout
43e2afbc T ping_start
43e2b0dc T ping_receive
43e2b1c8 t TftpSend
43e2b364 t TftpHandler
43e2b648 t TftpTimeout
43e2b6c0 T TftpStart
43e2b9c0 T get_arm_ratios
43e2ba14 T clock_get_mem_timings
43e2badc T system_clock_init
43e2c234 T clock_init_dp_clock
43e2c264 T arch_timer_init
43e2c280 T non_secure_init
43e2c308 T dmc_config_zq
43e2c3e0 T update_reset_dll
43e2c40c T dmc_config_mrs
43e2c4ac T dmc_config_prech
43e2c504 T dmc_config_memory
43e2c52c T mem_ctrl_init
43e2c590 T ddr3_mem_ctrl_init
43e2c8d0 T tzpc_init
43e2c92c T spl_get_machine_params
43e2c964 t exynos_dwmmc_init
43e2c9a8 T board_init
43e2ca14 T dram_init
43e2caa8 T dram_init_banksize
43e2cb90 T board_eth_init
43e2cb98 T checkboard
43e2cbb8 T board_mmc_init
43e2cc3c T board_late_init
43e2cc6c T board_early_init_f
43e2ccfc T arch_preboot_os
43e2cd0c t _TEXT_BASE
43e2cd10 T lowlevel_init
43e2cd10 t first_cpu
43e2cd8c t wakeup_reset
43e2cd98 t exit_wakeup
43e2cdac t read_om
43e2ce00 t mon_vectors
43e2ce4c T monitor_init
43e2ce58 T enter_ns
43e2ce60 T enter_hyp
43e2ce80 T raise
43e2ce9c T __aeabi_unwind_cpp_pr0
43e2cea0 T __aeabi_unwind_cpp_pr1
43e2cea4 T __aeabi_uidiv
43e2cea4 T __udivsi3
43e2cea4 t .udivsi3_skip_div0_test
43e2cf98 T __aeabi_uidivmod
43e2cfb8 T __aeabi_idiv
43e2cfb8 T __divsi3
43e2cfc0 t .divsi3_skip_div0_test
43e2d0e0 T __aeabi_idivmod
43e2d100 W __aeabi_idiv0
43e2d100 W __aeabi_ldiv0
43e2d104 T __aeabi_llsr
43e2d104 T __lshrdi3
43e2d120 T __aeabi_llsl
43e2d120 T __ashldi3
43e2d1bc r boot_os
43e2d208 r op_table
43e2d270 r __func__.6299
43e2d280 r baudrate_table
43e2d294 r __func__.6265
43e2d2a4 r keywords
43e2d314 V version_string
43e2d350 r CSWTCH.20
43e2d366 R default_environment
43e2d3c9 r __func__.6056
43e2d3d9 r __func__.6067
43e2d3e4 r __func__.6314
43e2d3ec r __FUNCTION__.6766
43e2d413 r __FUNCTION__.6905
43e2d42c r uimage_os
43e2d498 r uimage_arch
43e2d594 r uimage_type
43e2d660 r uimage_comp
43e2d6a8 r erase_seq
43e2d6ac r tab_seq
43e2d6b5 r us_direction
43e2d6d8 r CSWTCH.26
43e2d6f8 r block_drvr
43e2d718 R phy_i2c_base
43e2d71c R phy_ctrl
43e2d720 r multipliers
43e2d760 r fbase
43e2d770 r CSWTCH.18
43e2d784 r prob_dev
43e2d79c r asix_dongles
43e2d7f4 r filesystems
43e2d80c r fdt_errtable
43e2d840 r crc16_tab
43e2da40 r crc_table
43e2de40 R crc7_syndrome_table
43e2df40 R _ctype
43e2e040 r names.5898
43e2e046 r digits.5988
43e2e056 R hex_asc
43e2e068 r lext.6282
43e2e0a6 r lbase.6281
43e2e0e4 r dext.6284
43e2e124 r dbase.6283
43e2e164 r lenfix
43e2e964 r distfix
43e2e9e4 r order.6377
43e2ea0c R z_errmsg
43e2ea34 r CSWTCH.23
43e2ea41 r kbd_plain_xlate
43e2eae3 r __func__.6688
43e2eaf2 r __func__.6083
43e2eb01 r __FUNCTION__.6479
43e376d4 D s5p_cpu_id
43e376d8 D s5p_cpu_rev
43e376dc D init_sequence
43e37710 d cmd_bootm_sub
43e377d0 d root.6402
43e377d2 d tabs.6484
43e377f4 d cmd_i2c_sub
43e378fc d i2c_dp_last_length
43e37900 d do_echo
43e37904 d dp_last_length
43e37908 d curr_device
43e3790c d cmd_env_sub
43e379e4 d env_id
43e379e8 D load_addr
43e379ec d cmd_pxe_sub
43e37a1c D sata_curr_device
43e37a20 d usb_stor_curr_dev
43e37a24 d usb_ether_curr_dev
43e37a28 d av_
43e37e30 d sbrk_base
43e37e34 d trim_threshold
43e37e38 d mmap_threshold
43e37e3c D env_htab
43e37e4c D env_name_spec
43e37e50 d of_busses
43e37e64 d reserved_list
43e37ee8 d hist_cur
43e37eec D stdio_names
43e37ef8 d kbd_shift_xlate
43e37f5b d kbd_ctrl_xlate
43e37fc0 d cur_dev_num
43e37fc4 D s5p_serial2_device
43e37ff4 D s5p_serial3_device
43e38024 D s5p_serial1_device
43e38054 D s5p_serial0_device
43e38084 d descriptor
43e380bc D ext4fs_indir1_blkno
43e380c0 D ext4fs_indir2_blkno
43e380c4 D ext4fs_indir3_blkno
43e380c8 D file_cwd
43e382c8 d current_filesystem
43e382cc D NetOurVLAN
43e382ce D NetOurNativeVLAN
43e382d0 D NetBcastAddr
43e382d8 d first_call.6033
43e382dc d nfs_offset
43e382e0 d TftpTimeoutMSecs
43e382e4 d TftpBlkSizeOption
43e382e6 d TftpBlkSize
43e382e8 d TftpTimeoutCountMax
43e382ec D TftpRRQTimeoutCountMax
43e382f0 D TftpRRQTimeoutMSecs
43e382f4 D arm_clk_ratios
43e38414 D mem_timings
43e38648 d machine_param
43e38684 D __u_boot_cmd_bdinfo
43e38684 D __u_boot_cmd_start
43e3869c D __u_boot_cmd_reset
43e386b4 D __u_boot_cmd_go
43e386cc D __u_boot_cmd_bootz
43e386e4 D __u_boot_cmd_iminfo
43e386fc D __u_boot_cmd_bootd
43e38714 D __u_boot_cmd_boot
43e3872c D __u_boot_cmd_bootm
43e38744 D __u_boot_cmd_coninfo
43e3875c D __u_boot_cmd_echo
43e38774 D __u_boot_cmd_bootvx
43e3878c D __u_boot_cmd_bootelf
43e387a4 D __u_boot_cmd_exit
43e387bc D __u_boot_cmd_ext2load
43e387d4 D __u_boot_cmd_ext2ls
43e387ec D __u_boot_cmd_fatinfo
43e38804 D __u_boot_cmd_fatls
43e3881c D __u_boot_cmd_fatload
43e38834 D __u_boot_cmd_fdt
43e3884c D __u_boot_cmd_protect
43e38864 D __u_boot_cmd_erase
43e3887c D __u_boot_cmd_flinfo
43e38894 D __u_boot_cmd_question_mark
43e388ac D __u_boot_cmd_help
43e388c4 D __u_boot_cmd_i2c
43e388dc D __u_boot_cmd_itest
43e388f4 D __u_boot_cmd_loady
43e3890c D __u_boot_cmd_loadb
43e38924 D __u_boot_cmd_loads
43e3893c D __u_boot_cmd_mtest
43e38954 D __u_boot_cmd_loop
43e3896c D __u_boot_cmd_base
43e38984 D __u_boot_cmd_crc32
43e3899c D __u_boot_cmd_cmp
43e389b4 D __u_boot_cmd_cp
43e389cc D __u_boot_cmd_mw
43e389e4 D __u_boot_cmd_nm
43e389fc D __u_boot_cmd_mm
43e38a14 D __u_boot_cmd_md
43e38a2c D __u_boot_cmd_sleep
43e38a44 D __u_boot_cmd_mmc
43e38a5c D __u_boot_cmd_mmcinfo
43e38a74 D __u_boot_cmd_ping
43e38a8c D __u_boot_cmd_nfs
43e38aa4 D __u_boot_cmd_dhcp
43e38abc D __u_boot_cmd_tftpboot
43e38ad4 D __u_boot_cmd_bootp
43e38aec D __u_boot_cmd_run
43e38b04 D __u_boot_cmd_setenv
43e38b1c D __u_boot_cmd_printenv
43e38b34 D __u_boot_cmd_editenv
43e38b4c D __u_boot_cmd_env
43e38b64 D __u_boot_cmd_saveenv
43e38b7c D __u_boot_cmd_sysboot
43e38b94 D __u_boot_cmd_pxe
43e38bac D __u_boot_cmd_sata
43e38bc4 D __u_boot_cmd_source
43e38bdc D __u_boot_cmd_true
43e38bf4 D __u_boot_cmd_false
43e38c0c D __u_boot_cmd_test
43e38c24 D __u_boot_cmd_usbboot
43e38c3c D __u_boot_cmd_usb
43e38c54 D __u_boot_cmd_version
43e38c6c D __u_boot_cmd_imxtract
43e38c84 D __u_boot_cmd_showvar
43e38c9c B __bss_start
43e38c9c B monitor_flash_len
43e38c9c D __u_boot_cmd_end
43e38c9c R __image_copy_end
43e38c9c R __rel_dyn_start
43e38ca0 b params
43e38cc0 B images
43e38df0 B working_fdt
43e38df4 b data.6395
43e391f4 b i2c_dp_last_chip
43e391f8 b i2c_dp_last_addr
43e391fc b i2c_dp_last_alen
43e39200 b i2c_mm_last_chip
43e39204 b i2c_mm_last_addr
43e39208 b i2c_mm_last_alen
43e3920c b os_data_state
43e39210 b os_data_addr
43e39214 b bin_start_address
43e39218 B his_pad_count
43e3921c B his_pad_char
43e3921d b a_b
43e39235 B his_eol
43e39238 b k_data_escape
43e3923c B os_data_init
43e39240 b k_data_escape_saved
43e39244 b os_data_state_saved
43e39248 b os_data_addr_saved
43e3924c B os_data_char
43e39250 B his_quote
43e39254 B send_ptr
43e39258 B send_parms
43e3926c b base_address
43e39270 b dp_last_addr
43e39274 b dp_last_size
43e39278 b mm_last_addr
43e3927c b mm_last_size
43e39280 B save_size
43e39284 B save_addr
43e39288 b fs_argv
43e3929c b do_getfile
43e392a0 B sata_dev_desc
43e39310 b ctrlc_disabled
43e39314 b ctrlc_was_pressed
43e39318 B mem_malloc_brk
43e3931c B mem_malloc_start
43e39320 B mem_malloc_end
43e39324 b current_mallinfo
43e3934c b top_pad
43e39350 b max_sbrked_mem
43e39354 b max_total_mem
43e39358 b n_mmaps_max
43e3935c B env_ptr
43e39360 b top_vars
43e39364 b flag_repeat
43e39368 b do_repeat
43e3936c b the_command.6150
43e3946c b buf.6350
43e39494 B last_return_code
43e39498 b map
43e39598 b ifs
43e3959c B nesting_level
43e395a0 b initted.6142
43e395a4 b hist_max
43e395a8 b hist_add_idx
43e395ac B hist_num
43e395b0 B hist_lines
43e3a9c4 B hist_list
43e3aa14 B console_buffer
43e3ab18 b serial_current
43e3ab1c b serial_devices
43e3ab20 b devs
43e3ab5c B stdio_devices
43e3ab80 B usb_started
43e3ab84 b asynch_allowed
43e3abc0 b usb_dev
43e3ec9c R __dynsym_start
43e3ec9c R __rel_dyn_end
43e3ed6c R _end
43e45bc0 b dev_index
43e45bc4 b running
43e45c00 b usb_hub_index
43e45c04 b hub_dev
43e45d40 b usb_ccb
43e45e00 b usb_dev_desc
43e46030 b usb_max_devs
43e46034 b CBWTag
43e46038 b usb_stor
43e46140 b xyz
43e4657c b is_ready
43e46580 b g_current_bus
43e46584 b mmc_devices
43e4658c b usb_max_eth_dev
43e46590 b usb_eth
43e46734 b curr_eth_dev
43e46740 b __qh_list
43e467c0 B hcor
43e467c4 B rootdev
43e467c8 b portreset
43e467cc B hccr
43e46800 B gpio
43e46808 B ext_fs
43e46850 B ext4fs_symlinknest
43e46858 B ext4fs_root
43e4685c B ext4fs_indir1_block
43e46860 B ext4fs_indir1_size
43e46864 B ext4fs_indir2_block
43e46868 B ext4fs_indir2_size
43e4686c B ext4fs_indir3_block
43e46870 B ext4fs_indir3_size
43e46874 B ext4fs_file
43e46878 b symlinknest
43e4687c B g_parent_inode
43e46880 b ext4fs_block_dev_desc
43e46884 b part_info
43e46888 B part_offset
43e468c0 b cur_dev
43e468c4 b cur_part_info
43e46940 B get_contents_vfatname_block
43e56940 b cur_part_nr
43e56980 B do_fat_read_at_block
43e66980 B get_dentfromdir_block
43e76980 B errno
43e76984 B ___strtok
43e76988 b local.6167
43e769a0 B NetArpWaitPacketMAC
43e769a4 B NetArpWaitPacketIP
43e769a8 B NetArpWaitReplyIP
43e769ac B NetArpWaitTxPacketSize
43e769b0 B NetArpTxPacket
43e769b4 B NetArpPacketBuf
43e76ff4 B NetArpWaitTimerStart
43e76ff8 B NetArpWaitTry
43e76ffc B dhcp_leasetime
43e77000 B NetDHCPServerIP
43e77004 B BootpID
43e77008 B dhcp_state
43e7700c B BootpTry
43e77010 B eth_current
43e77014 b eth_devices
43e77018 b index.6507
43e7701c b first_failed.6554
43e77020 b act.6559
43e77024 b env_changed_id.6560
43e77028 B net_state
43e7702c b udp_packet_handler
43e77030 b arp_packet_handler
43e77034 b timeHandler
43e77038 b NetTryCount
43e7703c b NetRestarted
43e77040 B NetRestartWrap
43e77044 b NetDevExists
43e77048 b timeStart
43e7704c b timeDelta
43e77050 B NetRxPacket
43e77054 B NetRxPacketLen
43e77058 B NetOurIP
43e7705c B NetOurEther
43e77064 B NetIPID
43e77068 B NetTxPacket
43e7706c B NetEtherNullAddr
43e77074 b env_changed_id.6022
43e77078 B NetOurGatewayIP
43e7707c B NetOurSubnetMask
43e77080 B NetServerIP
43e77084 B PktBuf
43e78ec4 B NetRxPackets
43e78ed4 B NetBootFileXferSize
43e78ed8 B BootFile
43e78f58 B NetServerEther
43e78f5e B NetBootFileSize
43e78f60 B NetOurRootPath
43e78fa0 B NetOurHostName
43e78fc0 B NetOurNISDomain
43e78fe0 B NetOurDNSIP
43e78fe4 b rpc_id
43e78fe8 b NfsSrvMountPort
43e78fec b NfsSrvNfsPort
43e78ff0 b fs_mounted
43e78ff4 b dirfh
43e79014 b filefh
43e79034 b NfsServerIP
43e79038 b NfsOurPort
43e7903c b nfs_path
43e79040 b NfsState
43e79044 b nfs_filename
43e79048 b nfs_len
43e7904c b nfs_download_state
43e79050 b NfsTimeoutCount
43e79054 b nfs_path_buff
43e79854 b default_filename
43e79894 B NetPingIP
43e79898 b PingSeqNo
43e7989c b TftpState
43e798a0 b tftp_filename
43e79920 b TftpBlock
43e79924 b TftpRemoteIP
43e79928 b TftpRemotePort
43e7992c b TftpOurPort
43e79930 b TftpBlockWrap
43e79934 b TftpBlockWrapOffset
43e79938 b TftpTimeoutCount
43e7993c b TftpLastBlock
43e79940 b default_filename
43e79950 B OmPin
43e79954 B __bss_end__
